    1  dnf update
    2  dnf update -y
    3  dnf install nmtui
    4  nmtui
    5  hostname
    6  cat /etc/hosts
    7  cat /etc/hostname
    8  systemctl nano /etc/hosts
    9  dnf install nano
   10  nano /etc/hosts
   11  ping -4 8.8.8.8
   12  ping -c4 8.8.8.8
   13  nslookup ya.ru
   14  mkdir 1
   15  cd 1
   16  ping -c4 8.8.8.8 > ping.out
   17  cat ping.out 
   18  echo 'task 2'
   19  3
   20  2
   21  2.1
   22  history
   23  history > 1_history.out
   24  cd ..
   25  mkdir 2
   26  cd 2
   27  2.1
   28  dnf update
   29  2.2
   30  dnf search nginx
   31  dnf search  libcap-ng-utils
   32  dnf install nginx libcap-ng-utils
   33  dnf install nginx libcap-ng-utils
   34  dnf install nginx libcap-ng-utils
   35  2.3
   36  dnf search tcpdump
   37  dnf download tcpdump
   38  dnf install ./tcpdump-4.99.5-1.red80.x86_64.rpm 
   39  dnf purge tcpdump
   40  dnf remove tcpdump
   41  ls
   42  rm -r tcp*
   43  ls
   44  dnf download tcpdump /tpm
   45  man dnf
   46  dnf download --destdir=/tmp tcpdump
   47  ls /tmp
   48  dnf install ./tmp/tcpdump-4.99.5-1.red80.x86_64.rpm
   49  dnf install /tmp/tcpdump-4.99.5-1.red80.x86_64.rpm
   50  tcpdump -nni any
   51  history
   52  history > 2_history.out
   53  dnf remove tcpdump
   54  rpm -ivh /tmp/tcpdump-4.99.5-1.red80.x86_64.rpm
   55  tcpdump -h
   56  dnf history > dnf.out
   57  cat dnf.out 
   58  ls
   59  history > 2_history.out
   60  cat 2_history.out 
   61  cd ..
   62  mkdir 3
   63  cd 3
   64  echo 'тут я делаю паузу т.к. пора спать.'
   65  nano /root/.bashrc
   66  cd ../2
   67  history > 2_history.out
   68  cat 2_history.out 
   69  echo 'возможно, история команд не сохранится'
   70  cat 2_history.out 
   71  history > 2_history.out
